// Jest Snapshot v1, https://goo.gl/fbAQLP

exports[`<Header /> should match snapshot 1`] = `
<DocumentFragment>
  <header
    class="header"
  >
    <a
      href="/"
    >
      <img
        alt="logo"
        src=""
      />
    </a>
    <nav>
      <ul
        class="list"
      >
        <li>
          <a
            aria-current="page"
            class=" active"
            href="/"
          >
            Home
          </a>
        </li>
        <li>
          <a
            class="contacts "
            href="/contacts"
          >
            Contacts
          </a>
        </li>
      </ul>
    </nav>
    <a
      class="createUser "
      href="/create"
    >
      Create User
    </a>
  </header>
</DocumentFragment>
`;
