// Jest Snapshot v1, https://goo.gl/fbAQLP

exports[`<Navigation /> should match snapshot 1`] = `
<DocumentFragment>
  <nav>
    <ul
      class="list"
    >
      <li
        class="active"
      >
        <a>
          test1
          <br />
          <time
            class="dates"
          />
        </a>
      </li>
      <li
        class=""
      >
        <a>
          test2
          <br />
          <time
            class="dates"
          />
        </a>
      </li>
    </ul>
  </nav>
</DocumentFragment>
`;
